[themesbrand.com/minia/layouts/index.html]
[backblue.gif]
[fade.gif]
[index.html]
[themesbrand.com/minia/layouts/assets/images/favicon.ico]
[themesbrand.com/minia/layouts/assets/libs/admin-resources/jquery.vectormap/jquery-jvectormap-1.2.2.css]
[themesbrand.com/minia/layouts/assets/css/preloader.min.css]
[themesbrand.com/minia/layouts/assets/css/bootstrap.min.css]
[themesbrand.com/minia/layouts/assets/css/icons.min.css]
[themesbrand.com/minia/layouts/assets/images/flags/us.jpg]
[themesbrand.com/minia/layouts/assets/images/flags/spain.jpg]
[themesbrand.com/minia/layouts/assets/images/flags/germany.jpg]
[themesbrand.com/minia/layouts/assets/css/app.min.css]
[themesbrand.com/minia/layouts/assets/images/flags/italy.jpg]
[themesbrand.com/minia/layouts/assets/images/flags/russia.jpg]
[themesbrand.com/minia/layouts/assets/images/brands/github.png]
[themesbrand.com/minia/layouts/assets/images/brands/bitbucket.png]
[themesbrand.com/minia/layouts/assets/images/brands/dribbble.png]
[themesbrand.com/minia/layouts/assets/images/brands/dropbox.png]
[themesbrand.com/minia/layouts/assets/images/brands/mail_chimp.png]
[themesbrand.com/minia/layouts/assets/images/brands/slack.png]
[themesbrand.com/minia/layouts/assets/images/users/avatar-3.jpg]
[themesbrand.com/minia/layouts/assets/images/users/avatar-6.jpg]
[themesbrand.com/minia/layouts/assets/images/users/avatar-1.jpg]
[themesbrand.com/minia/layouts/apps-contacts-profile.html]
[themesbrand.com/minia/layouts/auth-lock-screen.html]
[themesbrand.com/minia/layouts/auth-logout.html]
[themesbrand.com/minia/layouts/apps-calendar.html]
[themesbrand.com/minia/layouts/apps-chat.html]
[themesbrand.com/minia/layouts/apps-email-inbox.html]
[themesbrand.com/minia/layouts/apps-email-read.html]
[themesbrand.com/minia/layouts/apps-invoices-list.html]
[themesbrand.com/minia/layouts/apps-invoices-detail.html]
[themesbrand.com/minia/layouts/apps-contacts-grid.html]
[themesbrand.com/minia/layouts/apps-contacts-list.html]
[themesbrand.com/minia/layouts/auth-login.html]
[themesbrand.com/minia/layouts/auth-register.html]
[themesbrand.com/minia/layouts/auth-recoverpw.html]
[themesbrand.com/minia/layouts/auth-confirm-mail.html]
[themesbrand.com/minia/layouts/auth-email-verification.html]
[themesbrand.com/minia/layouts/auth-two-step-verification.html]
[themesbrand.com/minia/layouts/pages-starter.html]
[themesbrand.com/minia/layouts/pages-maintenance.html]
[themesbrand.com/minia/layouts/pages-comingsoon.html]
[themesbrand.com/minia/layouts/pages-timeline.html]
[themesbrand.com/minia/layouts/pages-faqs.html]
[themesbrand.com/minia/layouts/pages-pricing.html]
[themesbrand.com/minia/layouts/pages-404.html]
[themesbrand.com/minia/layouts/pages-500.html]
[themesbrand.com/minia/layouts/layouts-horizontal.html]
[themesbrand.com/minia/layouts/ui-alerts.html]
[themesbrand.com/minia/layouts/ui-buttons.html]
[themesbrand.com/minia/layouts/ui-cards.html]
[themesbrand.com/minia/layouts/ui-carousel.html]
[themesbrand.com/minia/layouts/ui-dropdowns.html]
[themesbrand.com/minia/layouts/ui-grid.html]
[themesbrand.com/minia/layouts/ui-images.html]
[themesbrand.com/minia/layouts/ui-modals.html]
[themesbrand.com/minia/layouts/ui-offcanvas.html]
[themesbrand.com/minia/layouts/ui-progressbars.html]
[themesbrand.com/minia/layouts/ui-placeholders.html]
[themesbrand.com/minia/layouts/ui-tabs-accordions.html]
[themesbrand.com/minia/layouts/ui-typography.html]
[themesbrand.com/minia/layouts/ui-toasts.html]
[themesbrand.com/minia/layouts/ui-video.html]
[themesbrand.com/minia/layouts/ui-general.html]
[themesbrand.com/minia/layouts/ui-colors.html]
[themesbrand.com/minia/layouts/extended-lightbox.html]
[themesbrand.com/minia/layouts/extended-rangeslider.html]
[themesbrand.com/minia/layouts/extended-sweet-alert.html]
[themesbrand.com/minia/layouts/extended-session-timeout.html]
[themesbrand.com/minia/layouts/extended-rating.html]
[themesbrand.com/minia/layouts/extended-notifications.html]
[themesbrand.com/minia/layouts/form-elements.html]
[themesbrand.com/minia/layouts/form-validation.html]
[themesbrand.com/minia/layouts/form-advanced.html]
[themesbrand.com/minia/layouts/form-editors.html]
[themesbrand.com/minia/layouts/form-uploads.html]
[themesbrand.com/minia/layouts/form-wizard.html]
[themesbrand.com/minia/layouts/tables-datatable.html]
[themesbrand.com/minia/layouts/tables-basic.html]
[themesbrand.com/minia/layouts/form-mask.html]
[themesbrand.com/minia/layouts/charts-apex.html]
[themesbrand.com/minia/layouts/charts-echart.html]
[themesbrand.com/minia/layouts/charts-chartjs.html]
[themesbrand.com/minia/layouts/charts-knob.html]
[themesbrand.com/minia/layouts/charts-sparkline.html]
[themesbrand.com/minia/layouts/tables-editable.html]
[themesbrand.com/minia/layouts/icons-boxicons.html]
[themesbrand.com/minia/layouts/icons-materialdesign.html]
[themesbrand.com/minia/layouts/icons-dripicons.html]
[themesbrand.com/minia/layouts/tables-responsive.html]
[themesbrand.com/minia/layouts/icons-fontawesome.html]
[themesbrand.com/minia/layouts/maps-google.html]
[themesbrand.com/minia/layouts/maps-vector.html]
[themesbrand.com/minia/layouts/maps-leaflet.html]
[themesbrand.com/minia/layouts/assets/images/giftbox.png]
[themesbrand.com/minia/layouts/assets/libs/metismenu/metisMenu.min.js]
[themesbrand.com/minia/layouts/assets/libs/bootstrap/js/bootstrap.bundle.min.js]
[themesbrand.com/minia/layouts/assets/libs/jquery/jquery.min.js]
[themesbrand.com/minia/layouts/assets/libs/simplebar/simplebar.min.js]
[themesbrand.com/minia/layouts/assets/libs/node-waves/waves.min.js]
[themesbrand.com/minia/layouts/assets/libs/feather-icons/feather.min.js]
[themesbrand.com/minia/layouts/assets/libs/pace-js/pace.min.js]
[themesbrand.com/minia/layouts/assets/libs/admin-resources/jquery.vectormap/jquery-jvectormap-1.2.2.min.js]
[themesbrand.com/minia/layouts/assets/libs/apexcharts/apexcharts.min.js]
[themesbrand.com/minia/layouts/assets/js/pages/dashboard.init.js]
[themesbrand.com/minia/layouts/index.html]
[themesbrand.com/minia/layouts/assets/libs/admin-resources/jquery.vectormap/jquery-jvectormap-1.2.2.css]
[themesbrand.com/minia/layouts/assets/css/preloader.min.css]
[themesbrand.com/minia/layouts/assets/css/bootstrap.min.css]
[themesbrand.com/minia/layouts/assets/js/app.js]
[themesbrand.com/minia/layouts/assets/libs/admin-resources/jquery.vectormap/maps/jquery-jvectormap-world-mill-en.js]
[themesbrand.com/minia/layouts/assets/fonts/materialdesignicons-webfont1d2d.eot]
[themesbrand.com/minia/layouts/assets/fonts/materialdesignicons-webfontd41d.eot]
[themesbrand.com/minia/layouts/assets/fonts/materialdesignicons-webfont1d2d.woff]
[themesbrand.com/minia/layouts/assets/fonts/materialdesignicons-webfont1d2d.ttf]
[themesbrand.com/minia/layouts/assets/fonts/boxicons.eot]
[themesbrand.com/minia/layouts/assets/fonts/boxicons.woff]
[themesbrand.com/minia/layouts/assets/fonts/boxicons.ttf]
[themesbrand.com/minia/layouts/assets/fonts/fa-brands-400.eot]
[themesbrand.com/minia/layouts/assets/fonts/fa-brands-400d41d.eot]
[themesbrand.com/minia/layouts/assets/fonts/fa-brands-400.woff]
[themesbrand.com/minia/layouts/assets/fonts/fa-brands-400.ttf]
[themesbrand.com/minia/layouts/assets/fonts/fa-regular-400.eot]
[themesbrand.com/minia/layouts/assets/fonts/fa-regular-400d41d.eot]
[themesbrand.com/minia/layouts/assets/fonts/fa-regular-400.woff]
[themesbrand.com/minia/layouts/assets/fonts/fa-regular-400.ttf]
[themesbrand.com/minia/layouts/assets/fonts/fa-solid-900.eot]
[themesbrand.com/minia/layouts/assets/fonts/fa-solid-900d41d.eot]
[themesbrand.com/minia/layouts/assets/fonts/fa-solid-900.woff]
[themesbrand.com/minia/layouts/assets/fonts/fa-solid-900.ttf]
[themesbrand.com/minia/layouts/assets/fonts/dripicons-v2.eot]
[themesbrand.com/minia/layouts/assets/fonts/dripicons-v2d41d.eot]
[themesbrand.com/minia/layouts/assets/fonts/dripicons-v2.woff]
[themesbrand.com/minia/layouts/assets/fonts/dripicons-v2.ttf]
[themesbrand.com/minia/layouts/assets/css/icons.min.css]
[themesbrand.com/minia/layouts/assets/css/app.min.css]
[themesbrand.com/minia/layouts/assets/images/logo-sm.svg]
[themesbrand.com/minia/layouts/assets/images/users/avatar-2.jpg]
[themesbrand.com/minia/layouts/assets/images/small/img-3.jpg]
[themesbrand.com/minia/layouts/assets/images/small/img-1.jpg]
[themesbrand.com/minia/layouts/assets/images/small/img-5.jpg]
[themesbrand.com/minia/layouts/apps-contacts-profile.html]
[themesbrand.com/minia/layouts/auth-lock-screen.html]
[themesbrand.com/minia/layouts/assets/js/pages/pass-addon.init.js]
[themesbrand.com/minia/layouts/auth-logout.html]
[themesbrand.com/minia/layouts/assets/libs/@fullcalendar/core/main.min.css]
[themesbrand.com/minia/layouts/assets/libs/@fullcalendar/daygrid/main.min.css]
[themesbrand.com/minia/layouts/assets/libs/@fullcalendar/bootstrap/main.min.css]
[themesbrand.com/minia/layouts/assets/libs/@fullcalendar/timegrid/main.min.css]
[themesbrand.com/minia/layouts/assets/libs/@fullcalendar/core/main.min.js]
[themesbrand.com/minia/layouts/assets/libs/@fullcalendar/bootstrap/main.min.js]
[themesbrand.com/minia/layouts/assets/libs/@fullcalendar/daygrid/main.min.js]
[themesbrand.com/minia/layouts/assets/libs/@fullcalendar/timegrid/main.min.js]
[themesbrand.com/minia/layouts/assets/libs/@fullcalendar/interaction/main.min.js]
[themesbrand.com/minia/layouts/assets/js/pages/calendar.init.js]
[themesbrand.com/minia/layouts/apps-calendar.html]
[themesbrand.com/minia/layouts/assets/images/users/avatar-4.jpg]
[themesbrand.com/minia/layouts/assets/images/users/avatar-5.jpg]
[themesbrand.com/minia/layouts/assets/images/small/img-2.jpg]
[themesbrand.com/minia/layouts/apps-chat.html]
[themesbrand.com/minia/layouts/assets/libs/@ckeditor/ckeditor5-build-classic/build/ckeditor.js]
[themesbrand.com/minia/layouts/assets/js/pages/email-editor.init.js]
[themesbrand.com/minia/layouts/apps-email-inbox.html]
[themesbrand.com/minia/layouts/assets/images/small/img-4.jpg]
[themesbrand.com/minia/layouts/apps-email-read.html]
[themesbrand.com/minia/layouts/assets/libs/flatpickr/flatpickr.min.css]
[themesbrand.com/minia/layouts/assets/libs/datatables.net-bs4/css/dataTables.bootstrap4.min.css]
[themesbrand.com/minia/layouts/assets/libs/datatables.net-responsive-bs4/css/responsive.bootstrap4.min.css]
[themesbrand.com/minia/layouts/assets/libs/flatpickr/flatpickr.min.js]
[themesbrand.com/minia/layouts/assets/libs/datatables.net/js/jquery.dataTables.min.js]
[themesbrand.com/minia/layouts/assets/libs/datatables.net-bs4/js/dataTables.bootstrap4.min.js]
[themesbrand.com/minia/layouts/assets/libs/datatables.net-responsive/js/dataTables.responsive.min.js]
[themesbrand.com/minia/layouts/assets/libs/datatables.net-responsive-bs4/js/responsive.bootstrap4.min.js]
[themesbrand.com/minia/layouts/assets/js/pages/invoices-list.init.js]
[themesbrand.com/minia/layouts/apps-invoices-list.html]
[themesbrand.com/minia/layouts/apps-invoices-detail.html]
[themesbrand.com/minia/layouts/assets/images/users/avatar-8.jpg]
[themesbrand.com/minia/layouts/assets/images/users/avatar-9.jpg]
[themesbrand.com/minia/layouts/apps-contacts-grid.html]
[themesbrand.com/minia/layouts/assets/js/pages/datatable-pages.init.js]
[themesbrand.com/minia/layouts/apps-contacts-list.html]
[themesbrand.com/minia/layouts/auth-login.html]
[themesbrand.com/minia/layouts/assets/js/pages/validation.init.js]
[themesbrand.com/minia/layouts/auth-register.html]
[themesbrand.com/minia/layouts/auth-recoverpw.html]
[themesbrand.com/minia/layouts/auth-confirm-mail.html]
[themesbrand.com/minia/layouts/auth-email-verification.html]
[themesbrand.com/minia/layouts/assets/js/pages/two-step-verification.init.js]
[themesbrand.com/minia/layouts/auth-two-step-verification.html]
[themesbrand.com/minia/layouts/pages-starter.html]
[themesbrand.com/minia/layouts/pages-maintenance.html]
[themesbrand.com/minia/layouts/assets/libs/swiper/swiper-bundle.min.css]
[themesbrand.com/minia/layouts/assets/images/bg-1.jpg]
[themesbrand.com/minia/layouts/assets/images/bg-2.jpg]
[themesbrand.com/minia/layouts/assets/images/bg-3.jpg]
[themesbrand.com/minia/layouts/assets/libs/jquery-countdown/jquery.countdown.min.js]
[themesbrand.com/minia/layouts/assets/libs/swiper/swiper-bundle.min.js]
[themesbrand.com/minia/layouts/assets/js/pages/coming-soon.init.js]
[themesbrand.com/minia/layouts/pages-comingsoon.html]
[themesbrand.com/minia/layouts/pages-timeline.html]
[themesbrand.com/minia/layouts/pages-faqs.html]
[themesbrand.com/minia/layouts/pages-pricing.html]
[themesbrand.com/minia/layouts/assets/images/error-img.png]
[themesbrand.com/minia/layouts/pages-404.html]
[themesbrand.com/minia/layouts/pages-500.html]
[themesbrand.com/minia/layouts/layouts-horizontal.html]
[themesbrand.com/minia/layouts/assets/js/pages/alert.init.js]
[themesbrand.com/minia/layouts/ui-alerts.html]
[themesbrand.com/minia/layouts/ui-buttons.html]
[themesbrand.com/minia/layouts/assets/images/small/img-7.jpg]
[themesbrand.com/minia/layouts/assets/images/small/img-6.jpg]
[themesbrand.com/minia/layouts/ui-cards.html]
[themesbrand.com/minia/layouts/ui-carousel.html]
[themesbrand.com/minia/layouts/ui-dropdowns.html]
[themesbrand.com/minia/layouts/ui-grid.html]
[themesbrand.com/minia/layouts/ui-images.html]
[themesbrand.com/minia/layouts/assets/libs/masonry-layout/masonry.pkgd.min.js]
[themesbrand.com/minia/layouts/assets/js/pages/modal.init.js]
[themesbrand.com/minia/layouts/ui-modals.html]
[themesbrand.com/minia/layouts/ui-offcanvas.html]
[themesbrand.com/minia/layouts/ui-progressbars.html]
[themesbrand.com/minia/layouts/ui-placeholders.html]
[themesbrand.com/minia/layouts/ui-tabs-accordions.html]
[themesbrand.com/minia/layouts/ui-typography.html]
[themesbrand.com/minia/layouts/assets/js/pages/bootstrap-toasts.init.js]
[themesbrand.com/minia/layouts/ui-toasts.html]
[themesbrand.com/minia/layouts/ui-video.html]
[themesbrand.com/minia/layouts/ui-general.html]
[themesbrand.com/minia/layouts/ui-colors.html]
[themesbrand.com/minia/layouts/assets/libs/glightbox/css/glightbox.min.css]
[themesbrand.com/minia/layouts/assets/libs/glightbox/js/glightbox.min.js]
[themesbrand.com/minia/layouts/assets/js/pages/lightbox.init.js]
[themesbrand.com/minia/layouts/extended-lightbox.html]
[themesbrand.com/minia/layouts/assets/libs/nouislider/nouislider.min.css]
[themesbrand.com/minia/layouts/assets/libs/nouislider/nouislider.min.js]
[themesbrand.com/minia/layouts/assets/libs/wnumb/wNumb.min.js]
[themesbrand.com/minia/layouts/assets/js/pages/rangeslider.init.js]
[themesbrand.com/minia/layouts/extended-rangeslider.html]
[themesbrand.com/minia/layouts/assets/libs/sweetalert2/sweetalert2.min.css]
[themesbrand.com/minia/layouts/assets/libs/sweetalert2/sweetalert2.min.js]
[themesbrand.com/minia/layouts/assets/js/pages/sweetalert.init.js]
[themesbrand.com/minia/layouts/extended-sweet-alert.html]
[themesbrand.com/minia/layouts/assets/libs/@curiosityx/bootstrap-session-timeout/index.js]
[themesbrand.com/minia/layouts/assets/js/pages/session-timeout.init.js]
[themesbrand.com/minia/layouts/extended-session-timeout.html]
[themesbrand.com/minia/layouts/assets/libs/rater-js/index.js]
[themesbrand.com/minia/layouts/assets/js/pages/rating.init.js]
[themesbrand.com/minia/layouts/extended-rating.html]
[themesbrand.com/minia/layouts/assets/libs/alertifyjs/build/css/alertify.min.css]
[themesbrand.com/minia/layouts/assets/libs/alertifyjs/build/css/themes/default.min.css]
[themesbrand.com/minia/layouts/assets/libs/alertifyjs/build/alertify.min.js]
[themesbrand.com/minia/layouts/assets/js/pages/notification.init.js]
[themesbrand.com/minia/layouts/extended-notifications.html]
[themesbrand.com/minia/layouts/form-elements.html]
[themesbrand.com/minia/layouts/assets/libs/pristinejs/pristine.min.js]
[themesbrand.com/minia/layouts/assets/js/pages/form-validation.init.js]
[themesbrand.com/minia/layouts/form-validation.html]
[themesbrand.com/minia/layouts/assets/libs/choices.js/public/assets/styles/choices.min.css]
[themesbrand.com/minia/layouts/assets/libs/@simonwep/pickr/themes/classic.min.css]
[themesbrand.com/minia/layouts/assets/libs/@simonwep/pickr/themes/monolith.min.css]
[themesbrand.com/minia/layouts/assets/libs/@simonwep/pickr/themes/nano.min.css]
[themesbrand.com/minia/layouts/assets/libs/choices.js/public/assets/scripts/choices.min.js]
[themesbrand.com/minia/layouts/assets/libs/@simonwep/pickr/pickr.min.js]
[themesbrand.com/minia/layouts/assets/libs/@simonwep/pickr/pickr.es5.min.js]
[themesbrand.com/minia/layouts/assets/js/pages/form-advanced.init.js]
[themesbrand.com/minia/layouts/form-advanced.html]
[themesbrand.com/minia/layouts/assets/js/pages/form-editor.init.js]
[themesbrand.com/minia/layouts/form-editors.html]
[themesbrand.com/minia/layouts/assets/libs/dropzone/min/dropzone.min.css]
[themesbrand.com/minia/layouts/form-uploads.html]
[themesbrand.com/minia/layouts/assets/libs/dropzone/min/dropzone.min.js]
[themesbrand.com/minia/layouts/assets/libs/twitter-bootstrap-wizard/prettify.css]
[themesbrand.com/minia/layouts/assets/libs/twitter-bootstrap-wizard/jquery.bootstrap.wizard.min.js]
[themesbrand.com/minia/layouts/assets/libs/twitter-bootstrap-wizard/prettify.js]
[themesbrand.com/minia/layouts/assets/js/pages/form-wizard.init.js]
[themesbrand.com/minia/layouts/form-wizard.html]
[themesbrand.com/minia/layouts/assets/libs/imask/imask.min.js]
[themesbrand.com/minia/layouts/assets/js/pages/form-mask.init.js]
[themesbrand.com/minia/layouts/form-mask.html]
[themesbrand.com/minia/layouts/tables-basic.html]
[themesbrand.com/minia/layouts/assets/libs/datatables.net-buttons-bs4/css/buttons.bootstrap4.min.css]
[themesbrand.com/minia/layouts/assets/libs/datatables.net-buttons/js/dataTables.buttons.min.js]
[themesbrand.com/minia/layouts/assets/libs/datatables.net-buttons-bs4/js/buttons.bootstrap4.min.js]
[themesbrand.com/minia/layouts/assets/libs/jszip/jszip.min.js]
[themesbrand.com/minia/layouts/assets/libs/datatables.net-buttons/js/buttons.html5.min.js]
[themesbrand.com/minia/layouts/assets/libs/pdfmake/build/pdfmake.min.js]
[themesbrand.com/minia/layouts/assets/libs/datatables.net-buttons/js/buttons.print.min.js]
[themesbrand.com/minia/layouts/assets/libs/pdfmake/build/vfs_fonts.js]
[themesbrand.com/minia/layouts/assets/libs/datatables.net-buttons/js/buttons.colVis.min.js]
[themesbrand.com/minia/layouts/assets/js/pages/datatables.init.js]
[themesbrand.com/minia/layouts/tables-datatable.html]
[themesbrand.com/minia/layouts/assets/libs/admin-resources/rwd-table/rwd-table.min.css]
[themesbrand.com/minia/layouts/assets/libs/admin-resources/rwd-table/rwd-table.min.js]
[themesbrand.com/minia/layouts/assets/js/pages/table-responsive.init.js]
[themesbrand.com/minia/layouts/tables-responsive.html]
[themesbrand.com/minia/layouts/assets/libs/table-edits/build/table-edits.min.js]
[themesbrand.com/minia/layouts/assets/js/pages/table-editable.int.js]
[themesbrand.com/minia/layouts/tables-editable.html]
[themesbrand.com/minia/layouts/charts-apex.html]
[themesbrand.com/minia/layouts/assets/js/pages/apexcharts.init.js]
[themesbrand.com/minia/layouts/charts-echart.html]
[themesbrand.com/minia/layouts/assets/js/pages/echarts.init.js]
[themesbrand.com/minia/layouts/assets/js/pages/chartjs.init.js]
[themesbrand.com/minia/layouts/charts-chartjs.html]
[themesbrand.com/minia/layouts/assets/libs/echarts/echarts.min.js]
[themesbrand.com/minia/layouts/assets/libs/jquery-knob/jquery.knob.min.js]
[themesbrand.com/minia/layouts/assets/libs/chart.js/Chart.bundle.min.js]
[themesbrand.com/minia/layouts/assets/js/pages/jquery-knob.init.js]
[themesbrand.com/minia/layouts/charts-knob.html]
[themesbrand.com/minia/layouts/assets/libs/jquery-sparkline/jquery.sparkline.min.js]
[themesbrand.com/minia/layouts/assets/js/pages/sparklines.init.js]
[themesbrand.com/minia/layouts/charts-sparkline.html]
[themesbrand.com/minia/layouts/icons-boxicons.html]
[themesbrand.com/minia/layouts/icons-materialdesign.html]
[themesbrand.com/minia/layouts/icons-dripicons.html]
[themesbrand.com/minia/layouts/icons-fontawesome.html]
[themesbrand.com/minia/layouts/assets/js/pages/materialdesign.init.js]
[themesbrand.com/minia/layouts/assets/libs/gmaps/gmaps.min.js]
[themesbrand.com/minia/layouts/assets/js/pages/fontawesome.init.js]
[themesbrand.com/minia/layouts/assets/js/pages/gmaps.init.js]
[themesbrand.com/minia/layouts/maps-google.html]
[themesbrand.com/minia/layouts/assets/libs/admin-resources/jquery.vectormap/maps/jquery-jvectormap-us-merc-en.js]
[themesbrand.com/minia/layouts/assets/libs/admin-resources/jquery.vectormap/maps/jquery-jvectormap-au-mill-en.js]
[themesbrand.com/minia/layouts/assets/libs/admin-resources/jquery.vectormap/maps/jquery-jvectormap-us-il-chicago-mill-en.js]
[themesbrand.com/minia/layouts/assets/libs/admin-resources/jquery.vectormap/maps/jquery-jvectormap-in-mill-en.js]
[themesbrand.com/minia/layouts/assets/js/pages/vector-maps.init.js]
[themesbrand.com/minia/layouts/maps-vector.html]
[themesbrand.com/minia/layouts/assets/libs/admin-resources/jquery.vectormap/maps/jquery-jvectormap-ca-lcc-en.js]
[themesbrand.com/minia/layouts/assets/libs/leaflet/leaflet.css]
[themesbrand.com/minia/layouts/assets/libs/admin-resources/jquery.vectormap/maps/jquery-jvectormap-uk-mill-en.js]
[themesbrand.com/minia/layouts/assets/libs/leaflet/leaflet.js]
[themesbrand.com/minia/layouts/assets/js/pages/leaflet-us-states.js]
[themesbrand.com/minia/layouts/assets/js/pages/leaflet-map.init.js]
[themesbrand.com/minia/layouts/maps-leaflet.html]
[themesbrand.com/minia/layouts/assets/fonts/materialdesignicons-webfont1d2d.html]
[themesbrand.com/minia/layouts/assets/fonts/boxicons.html]
[themesbrand.com/minia/layouts/assets/fonts/boxiconsd41d.svg]
[themesbrand.com/minia/layouts/assets/fonts/fa-brands-400.html]
[themesbrand.com/minia/layouts/assets/fonts/fa-brands-400.svg]
[themesbrand.com/minia/layouts/assets/fonts/fa-regular-400.html]
[themesbrand.com/minia/layouts/assets/fonts/fa-regular-400.svg]
[themesbrand.com/minia/layouts/assets/fonts/fa-solid-900.html]
[themesbrand.com/minia/layouts/assets/fonts/fa-solid-900.svg]
[themesbrand.com/minia/layouts/assets/fonts/dripicons-v2.svg]
[themesbrand.com/minia/layouts/assets/libs/@fullcalendar/core/main.min.css]
[themesbrand.com/minia/layouts/assets/libs/@fullcalendar/daygrid/main.min.css]
[themesbrand.com/minia/layouts/assets/libs/@fullcalendar/bootstrap/main.min.css]
[themesbrand.com/minia/layouts/assets/libs/@fullcalendar/timegrid/main.min.css]
[themesbrand.com/minia/layouts/assets/images/undraw-calendar.svg]
[themesbrand.com/minia/layouts/assets/libs/flatpickr/flatpickr.min.css]
[themesbrand.com/minia/layouts/assets/libs/datatables.net-bs4/css/dataTables.bootstrap4.min.css]
[themesbrand.com/minia/layouts/assets/libs/datatables.net-responsive-bs4/css/responsive.bootstrap4.min.css]
[themesbrand.com/minia/layouts/assets/libs/swiper/swiper-bundle.min.css]
[themesbrand.com/minia/layouts/assets/libs/glightbox/css/glightbox.min.css]
[themesbrand.com/minia/layouts/assets/libs/nouislider/nouislider.min.css]
[themesbrand.com/minia/layouts/assets/libs/sweetalert2/sweetalert2.min.css]
[themesbrand.com/minia/layouts/assets/libs/alertifyjs/build/css/alertify.min.css]
[themesbrand.com/minia/layouts/assets/libs/alertifyjs/build/css/themes/default.min.css]
[themesbrand.com/minia/layouts/assets/libs/choices.js/public/assets/styles/choices.min.css]
[themesbrand.com/minia/layouts/assets/libs/@simonwep/pickr/themes/classic.min.css]
[themesbrand.com/minia/layouts/assets/libs/@simonwep/pickr/themes/monolith.min.css]
[themesbrand.com/minia/layouts/assets/libs/@simonwep/pickr/themes/nano.min.css]
[themesbrand.com/minia/layouts/assets/libs/dropzone/min/dropzone.min.css]
[themesbrand.com/minia/layouts/assets/libs/twitter-bootstrap-wizard/prettify.css]
[themesbrand.com/minia/layouts/assets/libs/datatables.net-buttons-bs4/css/buttons.bootstrap4.min.css]
[themesbrand.com/minia/layouts/assets/libs/admin-resources/rwd-table/rwd-table.min.css]
[themesbrand.com/minia/layouts/assets/libs/leaflet/images/layers.png]
[themesbrand.com/minia/layouts/assets/libs/leaflet/images/layers-2x.png]
[themesbrand.com/minia/layouts/assets/libs/leaflet/images/marker-icon.png]
[themesbrand.com/minia/layouts/assets/libs/leaflet/leaflet.css]
